#! /c/Source/iverilog-install/bin/vvp
:ivl_version "12.0 (devel)" "(s20150603-1539-g2693dd32b)";
:ivl_delay_selection "TYPICAL";
:vpi_time_precision + 0;
:vpi_module "D:\iverilog\lib\ivl\system.vpi";
:vpi_module "D:\iverilog\lib\ivl\vhdl_sys.vpi";
:vpi_module "D:\iverilog\lib\ivl\vhdl_textio.vpi";
:vpi_module "D:\iverilog\lib\ivl\v2005_math.vpi";
:vpi_module "D:\iverilog\lib\ivl\va_math.vpi";
S_000001a94da26d00 .scope module, "full_adder_behavioral" "full_adder_behavioral" 2 1;
 .timescale 0 0;
    .port_info 0 /INPUT 1 "A";
    .port_info 1 /INPUT 1 "B";
    .port_info 2 /INPUT 1 "Cin";
    .port_info 3 /OUTPUT 1 "sum";
    .port_info 4 /OUTPUT 1 "cout";
o000001a94da26f38 .functor BUFZ 1, C4<z>; HiZ drive
v000001a94da26e90_0 .net "A", 0 0, o000001a94da26f38;  0 drivers
o000001a94da26f68 .functor BUFZ 1, C4<z>; HiZ drive
v000001a94d9f2c10_0 .net "B", 0 0, o000001a94da26f68;  0 drivers
o000001a94da26f98 .functor BUFZ 1, C4<z>; HiZ drive
v000001a94dafe770_0 .net "Cin", 0 0, o000001a94da26f98;  0 drivers
v000001a94dafe810_0 .var "cout", 0 0;
v000001a94dafe8b0_0 .var "sum", 0 0;
E_000001a94da24d30 .event anyedge, v000001a94da26e90_0, v000001a94d9f2c10_0, v000001a94dafe770_0;
    .scope S_000001a94da26d00;
T_0 ;
    %wait E_000001a94da24d30;
    %load/vec4 v000001a94da26e90_0;
    %pad/u 2;
    %load/vec4 v000001a94d9f2c10_0;
    %pad/u 2;
    %add;
    %load/vec4 v000001a94dafe770_0;
    %pad/u 2;
    %add;
    %split/vec4 1;
    %store/vec4 v000001a94dafe8b0_0, 0, 1;
    %store/vec4 v000001a94dafe810_0, 0, 1;
    %jmp T_0;
    .thread T_0, $push;
# The file index is used to find the file name in the following table.
:file_names 3;
    "N/A";
    "<interactive>";
    "full_adder_behavioral.v";
