#! /c/Source/iverilog-install/bin/vvp
:ivl_version "12.0 (devel)" "(s20150603-1539-g2693dd32b)";
:ivl_delay_selection "TYPICAL";
:vpi_time_precision + 0;
:vpi_module "D:\iverilog\lib\ivl\system.vpi";
:vpi_module "D:\iverilog\lib\ivl\vhdl_sys.vpi";
:vpi_module "D:\iverilog\lib\ivl\vhdl_textio.vpi";
:vpi_module "D:\iverilog\lib\ivl\v2005_math.vpi";
:vpi_module "D:\iverilog\lib\ivl\va_math.vpi";
S_0000018dcd8b2830 .scope module, "half_adder" "half_adder" 2 1;
 .timescale 0 0;
    .port_info 0 /INPUT 1 "A";
    .port_info 1 /INPUT 1 "B";
    .port_info 2 /OUTPUT 1 "sum";
    .port_info 3 /OUTPUT 1 "cout";
o0000018dcd8e6f58 .functor BUFZ 1, C4<z>; HiZ drive
o0000018dcd8e6f88 .functor BUFZ 1, C4<z>; HiZ drive
L_0000018dcd8b30b0 .functor XOR 1, o0000018dcd8e6f58, o0000018dcd8e6f88, C4<0>, C4<0>;
L_0000018dcd8b3210 .functor AND 1, o0000018dcd8e6f58, o0000018dcd8e6f88, C4<1>, C4<1>;
v0000018dcd8e6eb0_0 .net "A", 0 0, o0000018dcd8e6f58;  0 drivers
v0000018dcd8b29c0_0 .net "B", 0 0, o0000018dcd8e6f88;  0 drivers
v0000018dcd8b2a60_0 .net "cout", 0 0, L_0000018dcd8b3210;  1 drivers
v0000018dcd8b2b00_0 .net "sum", 0 0, L_0000018dcd8b30b0;  1 drivers
# The file index is used to find the file name in the following table.
:file_names 3;
    "N/A";
    "<interactive>";
    "half_adder.v";
